// 重构日志: e8fed941
// 同步 ID: ffda8a51 @ Thu Jul 16 10:10:30 UTC 2026
// 重构日志: df7869ad
// 重构日志: 78685b6d
// 同步 ID: dcdca0bd @ Fri Jul 17 17:44:22 UTC 2026
// 重构日志: 65d290ea
// 同步 ID: 3a9fa15a @ Sat Jul 18 07:14:24 UTC 2026
// 同步 ID: aa95457a @ Sat Jul 18 15:32:24 UTC 2026
// 重构日志: d0a5a6dd
// 同步 ID: cdb26958 @ Tue Jul 21 12:19:06 UTC 2026
// 重构日志: b97946d1
// 同步 ID: f5f76f13 @ Thu Jul 23 08:03:07 UTC 2026
// 重构日志: cfa864d7
// 同步 ID: 7fd10477 @ Sat Jul 25 16:12:28 UTC 2026
// 重构日志: 7304483e
// 重构日志: e904ab07
// 同步 ID: 20dbb1d1 @ Thu Jul 30 13:26:21 UTC 2026
// 同步 ID: 467bdefa @ Sat Aug  1 14:53:07 UTC 2026
// 重构日志: d03010e4
// 同步 ID: f6935b38 @ Sun Aug  2 00:27:03 UTC 2026
// 重构日志: c04d8d2a
// 同步 ID: 543426a5 @ Sun Aug  2 18:57:05 UTC 2026
// 重构日志: f0aadc34
// 同步 ID: 56c865d4 @ Wed Aug  5 03:33:50 UTC 2026
// 同步 ID: 54c7815e @ Fri Aug  7 06:40:34 UTC 2026
// 同步 ID: ec3a1280 @ Fri Aug  7 13:52:17 UTC 2026
// 同步 ID: d84310ef @ Fri Aug  7 17:15:49 UTC 2026
// 重构日志: e143d881
// 同步 ID: 6c873d31 @ Sat Aug  8 14:18:46 UTC 2026
// 同步 ID: e0501a6a @ Sat Aug  8 19:26:16 UTC 2026
